# 📅 Daily DevOps Activity Log

Tracking daily automation & consistency.
- DevOps activity updated on 2025-12-27 11:17:46
## 📊 DevOps Daily System Report — 2025-12-27 11:26:43

### 🖥 Disk Usage
Filesystem      Size  Used Avail Use% Mounted on
/dev/root        72G   55G   18G  76% /
tmpfs           7.9G   84K  7.9G   1% /dev/shm
tmpfs           3.2G  1.2M  3.2G   1% /run
tmpfs           5.0M     0  5.0M   0% /run/lock
/dev/sdb16      881M   62M  758M   8% /boot
/dev/sdb15      105M  6.2M   99M   6% /boot/efi
/dev/sda1        74G  4.1G   66G   6% /mnt
tmpfs           1.6G   12K  1.6G   1% /run/user/1001

### 🧠 Memory Usage
               total        used        free      shared  buff/cache   available
Mem:            15Gi       1.1Gi       8.4Gi        40Mi       6.5Gi        14Gi
Swap:          4.0Gi          0B       4.0Gi

### ⚙️ CPU Info
 11:26:43 up 0 min,  0 user,  load average: 0.65, 0.17, 0.06

----------------------------------------

## 📊 DevOps Daily System Report — 2025-12-28 03:23:09

### 🖥 Disk Usage
Filesystem      Size  Used Avail Use% Mounted on
/dev/root        72G   55G   18G  76% /
tmpfs           7.9G   84K  7.9G   1% /dev/shm
tmpfs           3.2G  1.2M  3.2G   1% /run
tmpfs           5.0M     0  5.0M   0% /run/lock
/dev/sda16      881M   62M  758M   8% /boot
/dev/sda15      105M  6.2M   99M   6% /boot/efi
/dev/sdb1        74G  4.1G   66G   6% /mnt
tmpfs           1.6G   12K  1.6G   1% /run/user/1001

### 🧠 Memory Usage
               total        used        free      shared  buff/cache   available
Mem:            15Gi       847Mi       8.7Gi        39Mi       6.5Gi        14Gi
Swap:          4.0Gi          0B       4.0Gi

### ⚙️ CPU Info
 03:23:09 up 4 min,  0 user,  load average: 0.02, 0.08, 0.03

----------------------------------------

## 📊 DevOps Daily System Report — 2025-12-29 03:23:13

### 🖥 Disk Usage
Filesystem      Size  Used Avail Use% Mounted on
/dev/root        72G   55G   18G  76% /
tmpfs           7.9G   84K  7.9G   1% /dev/shm
tmpfs           3.2G  1.2M  3.2G   1% /run
tmpfs           5.0M     0  5.0M   0% /run/lock
/dev/sda16      881M   62M  758M   8% /boot
/dev/sda15      105M  6.2M   99M   6% /boot/efi
/dev/sdb1        74G  4.1G   66G   6% /mnt
tmpfs           1.6G   12K  1.6G   1% /run/user/1001

### 🧠 Memory Usage
               total        used        free      shared  buff/cache   available
Mem:            15Gi       860Mi       8.7Gi        39Mi       6.5Gi        14Gi
Swap:          4.0Gi          0B       4.0Gi

### ⚙️ CPU Info
 03:23:13 up 11 min,  0 user,  load average: 0.00, 0.01, 0.00

----------------------------------------

## 📊 DevOps Daily System Report — 2025-12-30 03:13:26

### 🖥 Disk Usage
Filesystem      Size  Used Avail Use% Mounted on
/dev/root        72G   55G   18G  76% /
tmpfs           7.9G   84K  7.9G   1% /dev/shm
tmpfs           3.2G  1.2M  3.2G   1% /run
tmpfs           5.0M     0  5.0M   0% /run/lock
/dev/sdb16      881M   62M  758M   8% /boot
/dev/sdb15      105M  6.2M   99M   6% /boot/efi
/dev/sda1        74G  4.1G   66G   6% /mnt
tmpfs           1.6G   12K  1.6G   1% /run/user/1001

### 🧠 Memory Usage
               total        used        free      shared  buff/cache   available
Mem:            15Gi       847Mi       8.7Gi        40Mi       6.5Gi        14Gi
Swap:          4.0Gi          0B       4.0Gi

### ⚙️ CPU Info
 03:13:26 up 13 min,  0 user,  load average: 0.00, 0.02, 0.04

----------------------------------------

## 📊 DevOps Daily System Report — 2025-12-31 03:12:58

### 🖥 Disk Usage
Filesystem      Size  Used Avail Use% Mounted on
/dev/root        72G   55G   18G  76% /
tmpfs           7.9G   84K  7.9G   1% /dev/shm
tmpfs           3.2G  1.2M  3.2G   1% /run
tmpfs           5.0M     0  5.0M   0% /run/lock
/dev/sdb16      881M   62M  758M   8% /boot
/dev/sdb15      105M  6.2M   99M   6% /boot/efi
/dev/sda1        74G  4.1G   66G   6% /mnt
tmpfs           1.6G   12K  1.6G   1% /run/user/1001

### 🧠 Memory Usage
               total        used        free      shared  buff/cache   available
Mem:            15Gi       1.2Gi       8.3Gi        39Mi       6.5Gi        14Gi
Swap:          4.0Gi          0B       4.0Gi

### ⚙️ CPU Info
 03:12:58 up 0 min,  0 user,  load average: 0.63, 0.17, 0.06

----------------------------------------

## 📊 DevOps Daily System Report — 2026-01-01 03:24:53

### 🖥 Disk Usage
Filesystem      Size  Used Avail Use% Mounted on
/dev/root        72G   55G   18G  76% /
tmpfs           7.9G   84K  7.9G   1% /dev/shm
tmpfs           3.2G  1.2M  3.2G   1% /run
tmpfs           5.0M     0  5.0M   0% /run/lock
/dev/sda16      881M   62M  758M   8% /boot
/dev/sda15      105M  6.2M   99M   6% /boot/efi
/dev/sdb1        74G  4.1G   66G   6% /mnt
tmpfs           1.6G   12K  1.6G   1% /run/user/1001

### 🧠 Memory Usage
               total        used        free      shared  buff/cache   available
Mem:            15Gi       849Mi       8.7Gi        39Mi       6.5Gi        14Gi
Swap:          4.0Gi          0B       4.0Gi

### ⚙️ CPU Info
 03:24:53 up 5 min,  0 user,  load average: 0.00, 0.05, 0.03

----------------------------------------

## 📊 DevOps Daily System Report — 2026-01-02 03:16:13

### 🖥 Disk Usage
Filesystem      Size  Used Avail Use% Mounted on
/dev/root        72G   55G   18G  76% /
tmpfs           7.9G   84K  7.9G   1% /dev/shm
tmpfs           3.2G  1.2M  3.2G   1% /run
tmpfs           5.0M     0  5.0M   0% /run/lock
/dev/sda16      881M   62M  758M   8% /boot
/dev/sda15      105M  6.2M   99M   6% /boot/efi
/dev/sdb1        74G  4.1G   66G   6% /mnt
tmpfs           1.6G   12K  1.6G   1% /run/user/1001

### 🧠 Memory Usage
               total        used        free      shared  buff/cache   available
Mem:            15Gi       1.1Gi       8.4Gi        39Mi       6.5Gi        14Gi
Swap:          4.0Gi          0B       4.0Gi

### ⚙️ CPU Info
 03:16:13 up 0 min,  0 user,  load average: 0.64, 0.20, 0.07

----------------------------------------

## 📊 DevOps Daily System Report — 2026-01-03 03:07:46

### 🖥 Disk Usage
Filesystem      Size  Used Avail Use% Mounted on
/dev/root        72G   55G   18G  76% /
tmpfs           7.9G   84K  7.9G   1% /dev/shm
tmpfs           3.2G  1.2M  3.2G   1% /run
tmpfs           5.0M     0  5.0M   0% /run/lock
/dev/sda16      881M   62M  758M   8% /boot
/dev/sda15      105M  6.2M   99M   6% /boot/efi
/dev/sdb1        74G  4.1G   66G   6% /mnt
tmpfs           1.6G   12K  1.6G   1% /run/user/1001

### 🧠 Memory Usage
               total        used        free      shared  buff/cache   available
Mem:            15Gi       881Mi       8.6Gi        40Mi       6.5Gi        14Gi
Swap:          4.0Gi          0B       4.0Gi

### ⚙️ CPU Info
 03:07:46 up 9 min,  0 user,  load average: 0.00, 0.05, 0.05

----------------------------------------

## 📊 DevOps Daily System Report — 2026-01-04 03:25:58

### 🖥 Disk Usage
Filesystem      Size  Used Avail Use% Mounted on
/dev/root        72G   55G   18G  76% /
tmpfs           7.9G   84K  7.9G   1% /dev/shm
tmpfs           3.2G  1.2M  3.2G   1% /run
tmpfs           5.0M     0  5.0M   0% /run/lock
/dev/sdb16      881M   62M  758M   8% /boot
/dev/sdb15      105M  6.2M   99M   6% /boot/efi
/dev/sda1        74G  4.1G   66G   6% /mnt
tmpfs           1.6G   12K  1.6G   1% /run/user/1001

### 🧠 Memory Usage
               total        used        free      shared  buff/cache   available
Mem:            15Gi       895Mi       8.6Gi        40Mi       6.5Gi        14Gi
Swap:          4.0Gi          0B       4.0Gi

### ⚙️ CPU Info
 03:25:58 up 1 min,  0 user,  load average: 0.29, 0.16, 0.06

----------------------------------------

## 📊 DevOps Daily System Report — 2026-01-05 03:28:41

### 🖥 Disk Usage
Filesystem      Size  Used Avail Use% Mounted on
/dev/root        72G   55G   18G  76% /
tmpfs           7.9G   84K  7.9G   1% /dev/shm
tmpfs           3.2G  1.2M  3.2G   1% /run
tmpfs           5.0M     0  5.0M   0% /run/lock
/dev/sdb16      881M   62M  758M   8% /boot
/dev/sdb15      105M  6.2M   99M   6% /boot/efi
/dev/sda1        74G  4.1G   66G   6% /mnt
tmpfs           1.6G   12K  1.6G   1% /run/user/1001

### 🧠 Memory Usage
               total        used        free      shared  buff/cache   available
Mem:            15Gi       842Mi       8.7Gi        39Mi       6.5Gi        14Gi
Swap:          4.0Gi          0B       4.0Gi

### ⚙️ CPU Info
 03:28:41 up 4 min,  0 user,  load average: 0.09, 0.10, 0.05

----------------------------------------

## 📊 DevOps Daily System Report — 2026-01-06 03:14:43

### 🖥 Disk Usage
Filesystem      Size  Used Avail Use% Mounted on
/dev/root        72G   55G   18G  76% /
tmpfs           7.9G   84K  7.9G   1% /dev/shm
tmpfs           3.2G  1.2M  3.2G   1% /run
tmpfs           5.0M     0  5.0M   0% /run/lock
/dev/sda16      881M   62M  758M   8% /boot
/dev/sda15      105M  6.2M   99M   6% /boot/efi
/dev/sdb1        74G  4.1G   66G   6% /mnt
tmpfs           1.6G   12K  1.6G   1% /run/user/1001

### 🧠 Memory Usage
               total        used        free      shared  buff/cache   available
Mem:            15Gi       892Mi       8.6Gi        40Mi       6.5Gi        14Gi
Swap:          4.0Gi          0B       4.0Gi

### ⚙️ CPU Info
 03:14:43 up 25 min,  0 user,  load average: 0.00, 0.00, 0.00

----------------------------------------

## 📊 DevOps Daily System Report — 2026-01-07 03:14:50

### 🖥 Disk Usage
Filesystem      Size  Used Avail Use% Mounted on
/dev/root        72G   54G   19G  75% /
tmpfs           7.9G   84K  7.9G   1% /dev/shm
tmpfs           3.2G  1.2M  3.2G   1% /run
tmpfs           5.0M     0  5.0M   0% /run/lock
/dev/sdb16      881M   62M  758M   8% /boot
/dev/sdb15      105M  6.2M   99M   6% /boot/efi
/dev/sda1        74G  4.1G   66G   6% /mnt
tmpfs           1.6G   12K  1.6G   1% /run/user/1001

### 🧠 Memory Usage
               total        used        free      shared  buff/cache   available
Mem:            15Gi       864Mi       9.6Gi        39Mi       5.6Gi        14Gi
Swap:          4.0Gi          0B       4.0Gi

### ⚙️ CPU Info
 03:14:50 up 4 min,  0 user,  load average: 0.10, 0.15, 0.08

----------------------------------------

## 📊 DevOps Daily System Report — 2026-01-08 03:14:58

### 🖥 Disk Usage
Filesystem      Size  Used Avail Use% Mounted on
/dev/root        72G   54G   19G  75% /
tmpfs           7.9G   84K  7.9G   1% /dev/shm
tmpfs           3.2G  1.2M  3.2G   1% /run
tmpfs           5.0M     0  5.0M   0% /run/lock
/dev/sda16      881M   62M  758M   8% /boot
/dev/sda15      105M  6.2M   99M   6% /boot/efi
/dev/sdb1        74G  4.1G   66G   6% /mnt
tmpfs           1.6G   12K  1.6G   1% /run/user/1001

### 🧠 Memory Usage
               total        used        free      shared  buff/cache   available
Mem:            15Gi       1.0Gi       9.4Gi        39Mi       5.6Gi        14Gi
Swap:          4.0Gi          0B       4.0Gi

### ⚙️ CPU Info
 03:14:58 up 0 min,  0 user,  load average: 0.87, 0.25, 0.08

----------------------------------------

## 📊 DevOps Daily System Report — 2026-01-09 03:16:03

### 🖥 Disk Usage
Filesystem      Size  Used Avail Use% Mounted on
/dev/root        72G   54G   18G  76% /
tmpfs           7.9G   84K  7.9G   1% /dev/shm
tmpfs           3.2G  1.2M  3.2G   1% /run
tmpfs           5.0M     0  5.0M   0% /run/lock
/dev/sdb16      881M   62M  758M   8% /boot
/dev/sdb15      105M  6.2M   99M   6% /boot/efi
/dev/sda1        74G  4.1G   66G   6% /mnt
tmpfs           1.6G   12K  1.6G   1% /run/user/1001

### 🧠 Memory Usage
               total        used        free      shared  buff/cache   available
Mem:            15Gi       834Mi       9.6Gi        39Mi       5.6Gi        14Gi
Swap:          4.0Gi          0B       4.0Gi

### ⚙️ CPU Info
 03:16:03 up 8 min,  0 user,  load average: 0.16, 0.08, 0.04

----------------------------------------

## 📊 DevOps Daily System Report — 2026-01-10 03:09:22

### 🖥 Disk Usage
Filesystem      Size  Used Avail Use% Mounted on
/dev/root        72G   54G   18G  76% /
tmpfs           7.9G   84K  7.9G   1% /dev/shm
tmpfs           3.2G  1.2M  3.2G   1% /run
tmpfs           5.0M     0  5.0M   0% /run/lock
/dev/sdb16      881M   62M  758M   8% /boot
/dev/sdb15      105M  6.2M   99M   6% /boot/efi
/dev/sda1        74G  4.1G   66G   6% /mnt
tmpfs           1.6G   12K  1.6G   1% /run/user/1001

### 🧠 Memory Usage
               total        used        free      shared  buff/cache   available
Mem:            15Gi       1.0Gi       9.4Gi        40Mi       5.6Gi        14Gi
Swap:          4.0Gi          0B       4.0Gi

### ⚙️ CPU Info
 03:09:22 up 0 min,  0 user,  load average: 0.50, 0.14, 0.05

----------------------------------------

## 📊 DevOps Daily System Report — 2026-01-11 03:25:21

### 🖥 Disk Usage
Filesystem      Size  Used Avail Use% Mounted on
/dev/root        72G   54G   18G  76% /
tmpfs           7.9G   84K  7.9G   1% /dev/shm
tmpfs           3.2G  1.2M  3.2G   1% /run
tmpfs           5.0M     0  5.0M   0% /run/lock
/dev/sda16      881M   62M  758M   8% /boot
/dev/sda15      105M  6.2M   99M   6% /boot/efi
/dev/sdb1        74G  4.1G   66G   6% /mnt
tmpfs           1.6G   12K  1.6G   1% /run/user/1001

### 🧠 Memory Usage
               total        used        free      shared  buff/cache   available
Mem:            15Gi       1.1Gi       9.3Gi        39Mi       5.6Gi        14Gi
Swap:          4.0Gi          0B       4.0Gi

### ⚙️ CPU Info
 03:25:21 up 0 min,  0 user,  load average: 0.74, 0.18, 0.06

----------------------------------------

## 📊 DevOps Daily System Report — 2026-01-12 03:23:06

### 🖥 Disk Usage
Filesystem      Size  Used Avail Use% Mounted on
/dev/root        72G   54G   18G  76% /
tmpfs           7.9G   84K  7.9G   1% /dev/shm
tmpfs           3.2G  1.2M  3.2G   1% /run
tmpfs           5.0M     0  5.0M   0% /run/lock
/dev/sda16      881M   62M  758M   8% /boot
/dev/sda15      105M  6.2M   99M   6% /boot/efi
/dev/sdb1        74G  4.1G   66G   6% /mnt
tmpfs           1.6G   12K  1.6G   1% /run/user/1001

### 🧠 Memory Usage
               total        used        free      shared  buff/cache   available
Mem:            15Gi       852Mi       9.6Gi        40Mi       5.6Gi        14Gi
Swap:          4.0Gi          0B       4.0Gi

### ⚙️ CPU Info
 03:23:06 up 14 min,  0 user,  load average: 0.08, 0.03, 0.01

----------------------------------------

## 📊 DevOps Daily System Report — 2026-01-13 03:14:12

### 🖥 Disk Usage
Filesystem      Size  Used Avail Use% Mounted on
/dev/root        72G   55G   17G  77% /
tmpfs           7.9G   84K  7.9G   1% /dev/shm
tmpfs           3.2G  1.2M  3.2G   1% /run
tmpfs           5.0M     0  5.0M   0% /run/lock
/dev/sda16      881M   62M  758M   8% /boot
/dev/sda15      105M  6.2M   99M   6% /boot/efi
/dev/sdb1        74G  4.1G   66G   6% /mnt
tmpfs           1.6G   12K  1.6G   1% /run/user/1001

### 🧠 Memory Usage
               total        used        free      shared  buff/cache   available
Mem:            15Gi       1.2Gi       8.4Gi        43Mi       6.5Gi        14Gi
Swap:          4.0Gi          0B       4.0Gi

### ⚙️ CPU Info
 03:14:12 up 0 min,  0 user,  load average: 1.24, 0.35, 0.12

----------------------------------------

## 📊 DevOps Daily System Report — 2026-01-14 03:21:47

### 🖥 Disk Usage
Filesystem      Size  Used Avail Use% Mounted on
/dev/root        72G   55G   17G  77% /
tmpfs           7.9G   84K  7.9G   1% /dev/shm
tmpfs           3.2G  1.2M  3.2G   1% /run
tmpfs           5.0M     0  5.0M   0% /run/lock
/dev/sda16      881M   62M  758M   8% /boot
/dev/sda15      105M  6.2M   99M   6% /boot/efi
/dev/sdb1        74G  4.1G   66G   6% /mnt
tmpfs           1.6G   12K  1.6G   1% /run/user/1001

### 🧠 Memory Usage
               total        used        free      shared  buff/cache   available
Mem:            15Gi       838Mi       8.7Gi        39Mi       6.5Gi        14Gi
Swap:          4.0Gi          0B       4.0Gi

### ⚙️ CPU Info
 03:21:47 up 4 min,  0 user,  load average: 0.09, 0.13, 0.08

----------------------------------------

## 📊 DevOps Daily System Report — 2026-01-15 03:16:43

### 🖥 Disk Usage
Filesystem      Size  Used Avail Use% Mounted on
/dev/root        72G   55G   17G  77% /
tmpfs           7.9G   84K  7.9G   1% /dev/shm
tmpfs           3.2G  1.2M  3.2G   1% /run
tmpfs           5.0M     0  5.0M   0% /run/lock
/dev/sda16      881M   62M  758M   8% /boot
/dev/sda15      105M  6.2M   99M   6% /boot/efi
/dev/sdb1        74G  4.1G   66G   6% /mnt
tmpfs           1.6G   12K  1.6G   1% /run/user/1001

### 🧠 Memory Usage
               total        used        free      shared  buff/cache   available
Mem:            15Gi       843Mi       8.7Gi        39Mi       6.5Gi        14Gi
Swap:          4.0Gi          0B       4.0Gi

### ⚙️ CPU Info
 03:16:43 up 2 min,  0 user,  load average: 0.15, 0.12, 0.05

----------------------------------------

## 📊 DevOps Daily System Report — 2026-01-16 03:16:05

### 🖥 Disk Usage
Filesystem      Size  Used Avail Use% Mounted on
/dev/root        72G   50G   23G  69% /
tmpfs           7.9G   84K  7.9G   1% /dev/shm
tmpfs           3.2G  1.2M  3.2G   1% /run
tmpfs           5.0M     0  5.0M   0% /run/lock
/dev/sdb16      881M   62M  758M   8% /boot
/dev/sdb15      105M  6.2M   99M   6% /boot/efi
/dev/sda1        74G  4.1G   66G   6% /mnt
tmpfs           1.6G   12K  1.6G   1% /run/user/1001

### 🧠 Memory Usage
               total        used        free      shared  buff/cache   available
Mem:            15Gi       857Mi       9.2Gi        40Mi       5.9Gi        14Gi
Swap:          4.0Gi          0B       4.0Gi

### ⚙️ CPU Info
 03:16:05 up 1 min,  0 user,  load average: 0.28, 0.14, 0.05

----------------------------------------

## 📊 DevOps Daily System Report — 2026-01-17 03:08:04

### 🖥 Disk Usage
Filesystem      Size  Used Avail Use% Mounted on
/dev/root        72G   50G   23G  69% /
tmpfs           7.9G   84K  7.9G   1% /dev/shm
tmpfs           3.2G  1.2M  3.2G   1% /run
tmpfs           5.0M     0  5.0M   0% /run/lock
/dev/sda16      881M   62M  758M   8% /boot
/dev/sda15      105M  6.2M   99M   6% /boot/efi
/dev/sdb1        74G  4.1G   66G   6% /mnt
tmpfs           1.6G   12K  1.6G   1% /run/user/1001

### 🧠 Memory Usage
               total        used        free      shared  buff/cache   available
Mem:            15Gi       855Mi       9.3Gi        40Mi       5.9Gi        14Gi
Swap:          4.0Gi          0B       4.0Gi

### ⚙️ CPU Info
 03:08:04 up 3 min,  0 user,  load average: 0.02, 0.05, 0.02

----------------------------------------

## 📊 DevOps Daily System Report — 2026-01-18 03:22:05

### 🖥 Disk Usage
Filesystem      Size  Used Avail Use% Mounted on
/dev/root        72G   50G   23G  69% /
tmpfs           7.9G   84K  7.9G   1% /dev/shm
tmpfs           3.2G  1.2M  3.2G   1% /run
tmpfs           5.0M     0  5.0M   0% /run/lock
/dev/sdb16      881M   62M  758M   8% /boot
/dev/sdb15      105M  6.2M   99M   6% /boot/efi
/dev/sda1        74G  4.1G   66G   6% /mnt
tmpfs           1.6G   12K  1.6G   1% /run/user/1001

### 🧠 Memory Usage
               total        used        free      shared  buff/cache   available
Mem:            15Gi       994Mi       9.1Gi        39Mi       5.9Gi        14Gi
Swap:          4.0Gi          0B       4.0Gi

### ⚙️ CPU Info
 03:22:05 up 0 min,  0 user,  load average: 0.46, 0.12, 0.04

----------------------------------------

## 📊 DevOps Daily System Report — 2026-01-19 03:23:32

### 🖥 Disk Usage
Filesystem      Size  Used Avail Use% Mounted on
/dev/root        72G   50G   23G  69% /
tmpfs           7.9G   84K  7.9G   1% /dev/shm
tmpfs           3.2G  1.2M  3.2G   1% /run
tmpfs           5.0M     0  5.0M   0% /run/lock
/dev/sdb16      881M   62M  758M   8% /boot
/dev/sdb15      105M  6.2M   99M   6% /boot/efi
/dev/sda1        74G  4.1G   66G   6% /mnt
tmpfs           1.6G   12K  1.6G   1% /run/user/1001

### 🧠 Memory Usage
               total        used        free      shared  buff/cache   available
Mem:            15Gi       849Mi       9.3Gi        40Mi       5.9Gi        14Gi
Swap:          4.0Gi          0B       4.0Gi

### ⚙️ CPU Info
 03:23:32 up 1 min,  0 user,  load average: 0.28, 0.16, 0.06

----------------------------------------

## 📊 DevOps Daily System Report — 2026-01-20 03:19:01

### 🖥 Disk Usage
Filesystem      Size  Used Avail Use% Mounted on
/dev/root        72G   50G   23G  69% /
tmpfs           7.9G   84K  7.9G   1% /dev/shm
tmpfs           3.2G  1.2M  3.2G   1% /run
tmpfs           5.0M     0  5.0M   0% /run/lock
/dev/sda16      881M   62M  758M   8% /boot
/dev/sda15      105M  6.2M   99M   6% /boot/efi
/dev/sdb1        74G  4.1G   66G   6% /mnt
tmpfs           1.6G   12K  1.6G   1% /run/user/1001

### 🧠 Memory Usage
               total        used        free      shared  buff/cache   available
Mem:            15Gi       883Mi       9.2Gi        40Mi       5.9Gi        14Gi
Swap:          4.0Gi          0B       4.0Gi

### ⚙️ CPU Info
 03:19:01 up 1 min,  0 user,  load average: 0.40, 0.17, 0.06

----------------------------------------

## 📊 DevOps Daily System Report — 2026-01-21 03:18:26

### 🖥 Disk Usage
Filesystem      Size  Used Avail Use% Mounted on
/dev/root        72G   50G   23G  69% /
tmpfs           7.9G   84K  7.9G   1% /dev/shm
tmpfs           3.2G  1.2M  3.2G   1% /run
tmpfs           5.0M     0  5.0M   0% /run/lock
/dev/sda16      881M   62M  758M   8% /boot
/dev/sda15      105M  6.2M   99M   6% /boot/efi
/dev/sdb1        74G  4.1G   66G   6% /mnt
tmpfs           1.6G   12K  1.6G   1% /run/user/1001

### 🧠 Memory Usage
               total        used        free      shared  buff/cache   available
Mem:            15Gi       838Mi       9.3Gi        39Mi       5.9Gi        14Gi
Swap:          4.0Gi          0B       4.0Gi

### ⚙️ CPU Info
 03:18:26 up 4 min,  0 user,  load average: 0.18, 0.18, 0.09

----------------------------------------

## 📊 DevOps Daily System Report — 2026-01-22 03:22:13

### 🖥 Disk Usage
Filesystem      Size  Used Avail Use% Mounted on
/dev/root        72G   50G   23G  69% /
tmpfs           7.9G   84K  7.9G   1% /dev/shm
tmpfs           3.2G  1.2M  3.2G   1% /run
tmpfs           5.0M     0  5.0M   0% /run/lock
/dev/sdb16      881M   62M  758M   8% /boot
/dev/sdb15      105M  6.2M   99M   6% /boot/efi
/dev/sda1        74G  4.1G   66G   6% /mnt
tmpfs           1.6G   12K  1.6G   1% /run/user/1001

### 🧠 Memory Usage
               total        used        free      shared  buff/cache   available
Mem:            15Gi       1.1Gi       9.0Gi        40Mi       5.9Gi        14Gi
Swap:          4.0Gi          0B       4.0Gi

### ⚙️ CPU Info
 03:22:13 up 0 min,  0 user,  load average: 0.87, 0.25, 0.09

----------------------------------------

## 📊 DevOps Daily System Report — 2026-01-23 03:18:22

### 🖥 Disk Usage
Filesystem      Size  Used Avail Use% Mounted on
/dev/root        72G   50G   23G  69% /
tmpfs           7.9G   84K  7.9G   1% /dev/shm
tmpfs           3.2G 1008K  3.2G   1% /run
tmpfs           5.0M     0  5.0M   0% /run/lock
efivarfs        128M   26K  128M   1% /sys/firmware/efi/efivars
/dev/sda16      881M   62M  758M   8% /boot
/dev/sda15      105M  6.2M   99M   6% /boot/efi
/dev/sdb1        74G  4.1G   66G   6% /mnt
tmpfs           1.6G   12K  1.6G   1% /run/user/1001

### 🧠 Memory Usage
               total        used        free      shared  buff/cache   available
Mem:            15Gi       836Mi       9.3Gi        39Mi       5.9Gi        14Gi
Swap:          4.0Gi          0B       4.0Gi

### ⚙️ CPU Info
 03:18:22 up 2 min,  0 user,  load average: 0.05, 0.07, 0.02

----------------------------------------

## 📊 DevOps Daily System Report — 2026-01-24 03:11:58

### 🖥 Disk Usage
Filesystem      Size  Used Avail Use% Mounted on
/dev/root        72G   50G   23G  69% /
tmpfs           7.9G   84K  7.9G   1% /dev/shm
tmpfs           3.2G 1008K  3.2G   1% /run
tmpfs           5.0M     0  5.0M   0% /run/lock
efivarfs        128M   32K  128M   1% /sys/firmware/efi/efivars
/dev/sda16      881M   62M  758M   8% /boot
/dev/sda15      105M  6.2M   99M   6% /boot/efi
/dev/sdb1        74G  4.1G   66G   6% /mnt
tmpfs           1.6G   12K  1.6G   1% /run/user/1001

### 🧠 Memory Usage
               total        used        free      shared  buff/cache   available
Mem:            15Gi       838Mi       9.3Gi        39Mi       5.9Gi        14Gi
Swap:          4.0Gi          0B       4.0Gi

### ⚙️ CPU Info
 03:11:58 up 3 min,  0 user,  load average: 0.10, 0.08, 0.03

----------------------------------------

## 📊 DevOps Daily System Report — 2026-01-25 03:28:42

### 🖥 Disk Usage
Filesystem      Size  Used Avail Use% Mounted on
/dev/root        72G   50G   23G  69% /
tmpfs           7.9G   84K  7.9G   1% /dev/shm
tmpfs           3.2G  1.1M  3.2G   1% /run
tmpfs           5.0M     0  5.0M   0% /run/lock
efivarfs        128M   26K  128M   1% /sys/firmware/efi/efivars
/dev/sda16      881M   62M  758M   8% /boot
/dev/sda15      105M  6.2M   99M   6% /boot/efi
/dev/sdb1        74G  4.1G   66G   6% /mnt
tmpfs           1.6G   12K  1.6G   1% /run/user/1001

### 🧠 Memory Usage
               total        used        free      shared  buff/cache   available
Mem:            15Gi       878Mi       9.2Gi        39Mi       5.9Gi        14Gi
Swap:          4.0Gi          0B       4.0Gi

### ⚙️ CPU Info
 03:28:42 up 6 min,  0 user,  load average: 0.00, 0.04, 0.02

----------------------------------------

## 📊 DevOps Daily System Report — 2026-01-26 03:31:07

### 🖥 Disk Usage
Filesystem      Size  Used Avail Use% Mounted on
/dev/root       145G   53G   92G  37% /
tmpfs           7.9G   84K  7.9G   1% /dev/shm
tmpfs           3.2G 1000K  3.2G   1% /run
tmpfs           5.0M     0  5.0M   0% /run/lock
efivarfs        128M   32K  128M   1% /sys/firmware/efi/efivars
/dev/sda16      881M   62M  758M   8% /boot
/dev/sda15      105M  6.2M   99M   6% /boot/efi
tmpfs           1.6G   12K  1.6G   1% /run/user/1001

### 🧠 Memory Usage
               total        used        free      shared  buff/cache   available
Mem:            15Gi       791Mi        13Gi        40Mi       1.8Gi        14Gi
Swap:          3.0Gi          0B       3.0Gi

### ⚙️ CPU Info
 03:31:07 up 1 min,  0 user,  load average: 0.30, 0.10, 0.03

----------------------------------------

## 📊 DevOps Daily System Report — 2026-01-27 03:22:55

### 🖥 Disk Usage
Filesystem      Size  Used Avail Use% Mounted on
/dev/root        72G   50G   23G  69% /
tmpfs           7.9G   84K  7.9G   1% /dev/shm
tmpfs           3.2G 1008K  3.2G   1% /run
tmpfs           5.0M     0  5.0M   0% /run/lock
efivarfs        128M   32K  128M   1% /sys/firmware/efi/efivars
/dev/sda16      881M   62M  758M   8% /boot
/dev/sda15      105M  6.2M   99M   6% /boot/efi
/dev/sdb1        74G  4.1G   66G   6% /mnt
tmpfs           1.6G   12K  1.6G   1% /run/user/1001

### 🧠 Memory Usage
               total        used        free      shared  buff/cache   available
Mem:            15Gi       840Mi       9.3Gi        39Mi       5.9Gi        14Gi
Swap:          4.0Gi          0B       4.0Gi

### ⚙️ CPU Info
 03:22:55 up 1 min,  0 user,  load average: 0.26, 0.16, 0.06

----------------------------------------

## 📊 DevOps Daily System Report — 2026-01-28 03:20:13

### 🖥 Disk Usage
Filesystem      Size  Used Avail Use% Mounted on
/dev/root        72G   50G   23G  69% /
tmpfs           7.9G   84K  7.9G   1% /dev/shm
tmpfs           3.2G 1012K  3.2G   1% /run
tmpfs           5.0M     0  5.0M   0% /run/lock
efivarfs        128M   32K  128M   1% /sys/firmware/efi/efivars
/dev/sda16      881M   62M  758M   8% /boot
/dev/sda15      105M  6.2M   99M   6% /boot/efi
/dev/sdb1        74G  4.1G   66G   6% /mnt
tmpfs           1.6G   12K  1.6G   1% /run/user/1001

### 🧠 Memory Usage
               total        used        free      shared  buff/cache   available
Mem:            15Gi       888Mi       9.2Gi        40Mi       5.9Gi        14Gi
Swap:          4.0Gi          0B       4.0Gi

### ⚙️ CPU Info
 03:20:13 up 0 min,  0 user,  load average: 1.18, 0.30, 0.10

----------------------------------------

## 📊 DevOps Daily System Report — 2026-01-29 03:41:32

### 🖥 Disk Usage
Filesystem      Size  Used Avail Use% Mounted on
/dev/root        72G   50G   23G  69% /
tmpfs           7.9G   84K  7.9G   1% /dev/shm
tmpfs           3.2G 1008K  3.2G   1% /run
tmpfs           5.0M     0  5.0M   0% /run/lock
efivarfs        128M   26K  128M   1% /sys/firmware/efi/efivars
/dev/sda16      881M   62M  758M   8% /boot
/dev/sda15      105M  6.2M   99M   6% /boot/efi
/dev/sdb1        74G  4.1G   66G   6% /mnt
tmpfs           1.6G   12K  1.6G   1% /run/user/1001

### 🧠 Memory Usage
               total        used        free      shared  buff/cache   available
Mem:            15Gi       863Mi       9.2Gi        39Mi       5.9Gi        14Gi
Swap:          4.0Gi          0B       4.0Gi

### ⚙️ CPU Info
 03:41:32 up 1 min,  0 user,  load average: 0.54, 0.23, 0.09

----------------------------------------

## 📊 DevOps Daily System Report — 2026-01-30 03:42:09

### 🖥 Disk Usage
Filesystem      Size  Used Avail Use% Mounted on
/dev/root       145G   53G   92G  37% /
tmpfs           7.9G   84K  7.9G   1% /dev/shm
tmpfs           3.2G 1008K  3.2G   1% /run
tmpfs           5.0M     0  5.0M   0% /run/lock
efivarfs        128M   26K  128M   1% /sys/firmware/efi/efivars
/dev/sda16      881M   62M  758M   8% /boot
/dev/sda15      105M  6.2M   99M   6% /boot/efi
tmpfs           1.6G   12K  1.6G   1% /run/user/1001

### 🧠 Memory Usage
               total        used        free      shared  buff/cache   available
Mem:            15Gi       1.0Gi        13Gi        39Mi       1.8Gi        14Gi
Swap:          3.0Gi          0B       3.0Gi

### ⚙️ CPU Info
 03:42:09 up 0 min,  0 user,  load average: 0.27, 0.06, 0.02

----------------------------------------

## 📊 DevOps Daily System Report — 2026-01-31 03:37:30

### 🖥 Disk Usage
Filesystem      Size  Used Avail Use% Mounted on
/dev/root       145G   53G   92G  37% /
tmpfs           7.9G   84K  7.9G   1% /dev/shm
tmpfs           3.2G 1000K  3.2G   1% /run
tmpfs           5.0M     0  5.0M   0% /run/lock
efivarfs        128M   29K  128M   1% /sys/firmware/efi/efivars
/dev/sda16      881M   62M  758M   8% /boot
/dev/sda15      105M  6.2M   99M   6% /boot/efi
tmpfs           1.6G   12K  1.6G   1% /run/user/1001

### 🧠 Memory Usage
               total        used        free      shared  buff/cache   available
Mem:            15Gi       800Mi        13Gi        38Mi       1.8Gi        14Gi
Swap:          3.0Gi          0B       3.0Gi

### ⚙️ CPU Info
 03:37:31 up 1 min,  0 user,  load average: 0.17, 0.08, 0.03

----------------------------------------

## 📊 DevOps Daily System Report — 2026-02-01 04:11:49

### 🖥 Disk Usage
Filesystem      Size  Used Avail Use% Mounted on
/dev/root       145G   53G   92G  37% /
tmpfs           7.9G   84K  7.9G   1% /dev/shm
tmpfs           3.2G 1000K  3.2G   1% /run
tmpfs           5.0M     0  5.0M   0% /run/lock
efivarfs        128M   32K  128M   1% /sys/firmware/efi/efivars
/dev/sda16      881M   62M  758M   8% /boot
/dev/sda15      105M  6.2M   99M   6% /boot/efi
tmpfs           1.6G   12K  1.6G   1% /run/user/1001

### 🧠 Memory Usage
               total        used        free      shared  buff/cache   available
Mem:            15Gi       785Mi        13Gi        39Mi       1.8Gi        14Gi
Swap:          3.0Gi          0B       3.0Gi

### ⚙️ CPU Info
 04:11:49 up 5 min,  0 user,  load average: 0.00, 0.04, 0.01

----------------------------------------

## 📊 DevOps Daily System Report — 2026-02-02 04:03:40

### 🖥 Disk Usage
Filesystem      Size  Used Avail Use% Mounted on
/dev/root       145G   53G   92G  37% /
tmpfs           7.9G   84K  7.9G   1% /dev/shm
tmpfs           3.2G 1000K  3.2G   1% /run
tmpfs           5.0M     0  5.0M   0% /run/lock
efivarfs        128M   32K  128M   1% /sys/firmware/efi/efivars
/dev/sda16      881M   62M  758M   8% /boot
/dev/sda15      105M  6.2M   99M   6% /boot/efi
tmpfs           1.6G   12K  1.6G   1% /run/user/1001

### 🧠 Memory Usage
               total        used        free      shared  buff/cache   available
Mem:            15Gi       807Mi        13Gi        39Mi       2.0Gi        14Gi
Swap:          3.0Gi          0B       3.0Gi

### ⚙️ CPU Info
 04:03:40 up 3 min,  0 user,  load average: 0.04, 0.08, 0.03

----------------------------------------

## 📊 DevOps Daily System Report — 2026-02-03 03:56:26

### 🖥 Disk Usage
Filesystem      Size  Used Avail Use% Mounted on
/dev/root       145G   53G   92G  37% /
tmpfs           7.9G   84K  7.9G   1% /dev/shm
tmpfs           3.2G 1000K  3.2G   1% /run
tmpfs           5.0M     0  5.0M   0% /run/lock
efivarfs        128M   32K  128M   1% /sys/firmware/efi/efivars
/dev/sda16      881M   62M  758M   8% /boot
/dev/sda15      105M  6.2M   99M   6% /boot/efi
tmpfs           1.6G   12K  1.6G   1% /run/user/1001

### 🧠 Memory Usage
               total        used        free      shared  buff/cache   available
Mem:            15Gi       780Mi        13Gi        40Mi       1.8Gi        14Gi
Swap:          3.0Gi          0B       3.0Gi

### ⚙️ CPU Info
 03:56:26 up 10 min,  0 user,  load average: 0.08, 0.04, 0.03

----------------------------------------

## 📊 DevOps Daily System Report — 2026-02-04 03:54:17

### 🖥 Disk Usage
Filesystem      Size  Used Avail Use% Mounted on
/dev/root       145G   53G   92G  37% /
tmpfs           7.9G   84K  7.9G   1% /dev/shm
tmpfs           3.2G 1000K  3.2G   1% /run
tmpfs           5.0M     0  5.0M   0% /run/lock
efivarfs        128M   26K  128M   1% /sys/firmware/efi/efivars
/dev/sda16      881M   62M  758M   8% /boot
/dev/sda15      105M  6.2M   99M   6% /boot/efi
tmpfs           1.6G   12K  1.6G   1% /run/user/1001

### 🧠 Memory Usage
               total        used        free      shared  buff/cache   available
Mem:            15Gi       775Mi        13Gi        39Mi       1.8Gi        14Gi
Swap:          3.0Gi          0B       3.0Gi

### ⚙️ CPU Info
 03:54:17 up 3 min,  0 user,  load average: 0.13, 0.15, 0.07

----------------------------------------

## 📊 DevOps Daily System Report — 2026-02-05 03:55:58

### 🖥 Disk Usage
Filesystem      Size  Used Avail Use% Mounted on
/dev/root       145G   53G   92G  37% /
tmpfs           7.9G   84K  7.9G   1% /dev/shm
tmpfs           3.2G  1.1M  3.2G   1% /run
tmpfs           5.0M     0  5.0M   0% /run/lock
efivarfs        128M   26K  128M   1% /sys/firmware/efi/efivars
/dev/sda16      881M   62M  758M   8% /boot
/dev/sda15      105M  6.2M   99M   6% /boot/efi
tmpfs           1.6G   12K  1.6G   1% /run/user/1001

### 🧠 Memory Usage
               total        used        free      shared  buff/cache   available
Mem:            15Gi       823Mi        13Gi        39Mi       1.8Gi        14Gi
Swap:          3.0Gi          0B       3.0Gi

### ⚙️ CPU Info
 03:55:58 up 3 min,  0 user,  load average: 0.30, 0.21, 0.09

----------------------------------------

## 📊 DevOps Daily System Report — 2026-02-06 03:55:29

### 🖥 Disk Usage
Filesystem      Size  Used Avail Use% Mounted on
/dev/root        72G   50G   23G  70% /
tmpfs           7.9G   84K  7.9G   1% /dev/shm
tmpfs           3.2G 1008K  3.2G   1% /run
tmpfs           5.0M     0  5.0M   0% /run/lock
efivarfs        128M   32K  128M   1% /sys/firmware/efi/efivars
/dev/sda16      881M   62M  758M   8% /boot
/dev/sda15      105M  6.2M   99M   6% /boot/efi
/dev/sdb1        74G  4.1G   66G   6% /mnt
tmpfs           1.6G   12K  1.6G   1% /run/user/1001

### 🧠 Memory Usage
               total        used        free      shared  buff/cache   available
Mem:            15Gi       843Mi       9.3Gi        39Mi       5.9Gi        14Gi
Swap:          4.0Gi          0B       4.0Gi

### ⚙️ CPU Info
 03:55:29 up 1 min,  0 user,  load average: 0.24, 0.15, 0.06

----------------------------------------

## 📊 DevOps Daily System Report — 2026-02-07 03:40:19

### 🖥 Disk Usage
Filesystem      Size  Used Avail Use% Mounted on
/dev/root        72G   50G   23G  70% /
tmpfs           7.9G   84K  7.9G   1% /dev/shm
tmpfs           3.2G  1.1M  3.2G   1% /run
tmpfs           5.0M     0  5.0M   0% /run/lock
efivarfs        128M   26K  128M   1% /sys/firmware/efi/efivars
/dev/sda16      881M   62M  758M   8% /boot
/dev/sda15      105M  6.2M   99M   6% /boot/efi
/dev/sdb1        74G  4.1G   66G   6% /mnt
tmpfs           1.6G   12K  1.6G   1% /run/user/1001

### 🧠 Memory Usage
               total        used        free      shared  buff/cache   available
Mem:            15Gi       877Mi       9.2Gi        40Mi       5.9Gi        14Gi
Swap:          4.0Gi          0B       4.0Gi

### ⚙️ CPU Info
 03:40:19 up 2 min,  0 user,  load average: 0.26, 0.24, 0.09

----------------------------------------

## 📊 DevOps Daily System Report — 2026-02-08 04:16:34

### 🖥 Disk Usage
Filesystem      Size  Used Avail Use% Mounted on
/dev/root        72G   50G   23G  70% /
tmpfs           7.9G   84K  7.9G   1% /dev/shm
tmpfs           3.2G 1008K  3.2G   1% /run
tmpfs           5.0M     0  5.0M   0% /run/lock
efivarfs        128M   32K  128M   1% /sys/firmware/efi/efivars
/dev/sda16      881M   62M  758M   8% /boot
/dev/sda15      105M  6.2M   99M   6% /boot/efi
/dev/sdb1        74G  4.1G   66G   6% /mnt
tmpfs           1.6G   12K  1.6G   1% /run/user/1001

### 🧠 Memory Usage
               total        used        free      shared  buff/cache   available
Mem:            15Gi       890Mi       9.2Gi        39Mi       5.9Gi        14Gi
Swap:          4.0Gi          0B       4.0Gi

### ⚙️ CPU Info
 04:16:34 up 0 min,  0 user,  load average: 0.88, 0.25, 0.08

----------------------------------------

## 📊 DevOps Daily System Report — 2026-02-09 04:06:08

### 🖥 Disk Usage
Filesystem      Size  Used Avail Use% Mounted on
/dev/root        72G   50G   23G  70% /
tmpfs           7.9G   84K  7.9G   1% /dev/shm
tmpfs           3.2G 1008K  3.2G   1% /run
tmpfs           5.0M     0  5.0M   0% /run/lock
efivarfs        128M   26K  128M   1% /sys/firmware/efi/efivars
/dev/sda16      881M   62M  758M   8% /boot
/dev/sda15      105M  6.2M   99M   6% /boot/efi
/dev/sdb1        74G  4.1G   66G   6% /mnt
tmpfs           1.6G   12K  1.6G   1% /run/user/1001

### 🧠 Memory Usage
               total        used        free      shared  buff/cache   available
Mem:            15Gi       946Mi       9.2Gi        39Mi       5.9Gi        14Gi
Swap:          4.0Gi          0B       4.0Gi

### ⚙️ CPU Info
 04:06:08 up 0 min,  0 user,  load average: 0.49, 0.14, 0.05

----------------------------------------

## 📊 DevOps Daily System Report — 2026-02-10 04:14:13

### 🖥 Disk Usage
Filesystem      Size  Used Avail Use% Mounted on
/dev/root        72G   50G   23G  70% /
tmpfs           7.9G   84K  7.9G   1% /dev/shm
tmpfs           3.2G 1008K  3.2G   1% /run
tmpfs           5.0M     0  5.0M   0% /run/lock
efivarfs        128M   32K  128M   1% /sys/firmware/efi/efivars
/dev/sda16      881M   62M  758M   8% /boot
/dev/sda15      105M  6.2M   99M   6% /boot/efi
/dev/sdb1        74G  4.1G   66G   6% /mnt
tmpfs           1.6G   12K  1.6G   1% /run/user/1001

### 🧠 Memory Usage
               total        used        free      shared  buff/cache   available
Mem:            15Gi       847Mi       9.2Gi        39Mi       5.9Gi        14Gi
Swap:          4.0Gi          0B       4.0Gi

### ⚙️ CPU Info
 04:14:13 up 1 min,  0 user,  load average: 0.37, 0.16, 0.06

----------------------------------------

## 📊 DevOps Daily System Report — 2026-02-11 04:11:19

### 🖥 Disk Usage
Filesystem      Size  Used Avail Use% Mounted on
/dev/root        72G   50G   23G  70% /
tmpfs           7.9G   84K  7.9G   1% /dev/shm
tmpfs           3.2G 1008K  3.2G   1% /run
tmpfs           5.0M     0  5.0M   0% /run/lock
efivarfs        128M   32K  128M   1% /sys/firmware/efi/efivars
/dev/sda16      881M   62M  758M   8% /boot
/dev/sda15      105M  6.2M   99M   6% /boot/efi
/dev/sdb1        74G  4.1G   66G   6% /mnt
tmpfs           1.6G   12K  1.6G   1% /run/user/1001

### 🧠 Memory Usage
               total        used        free      shared  buff/cache   available
Mem:            15Gi       856Mi       9.2Gi        39Mi       5.9Gi        14Gi
Swap:          4.0Gi          0B       4.0Gi

### ⚙️ CPU Info
 04:11:20 up 1 min,  0 user,  load average: 0.49, 0.23, 0.09

----------------------------------------

## 📊 DevOps Daily System Report — 2026-02-12 04:05:04

### 🖥 Disk Usage
Filesystem      Size  Used Avail Use% Mounted on
/dev/root        72G   50G   23G  70% /
tmpfs           7.9G   84K  7.9G   1% /dev/shm
tmpfs           3.2G 1008K  3.2G   1% /run
tmpfs           5.0M     0  5.0M   0% /run/lock
efivarfs        128M   26K  128M   1% /sys/firmware/efi/efivars
/dev/sda16      881M   62M  758M   8% /boot
/dev/sda15      105M  6.2M   99M   6% /boot/efi
/dev/sdb1        74G  4.1G   66G   6% /mnt
tmpfs           1.6G   12K  1.6G   1% /run/user/1001

### 🧠 Memory Usage
               total        used        free      shared  buff/cache   available
Mem:            15Gi       840Mi       9.3Gi        39Mi       5.9Gi        14Gi
Swap:          4.0Gi          0B       4.0Gi

### ⚙️ CPU Info
 04:05:04 up 1 min,  0 user,  load average: 0.20, 0.11, 0.04

----------------------------------------

## 📊 DevOps Daily System Report — 2026-02-13 04:01:44

### 🖥 Disk Usage
Filesystem      Size  Used Avail Use% Mounted on
/dev/root        72G   50G   22G  70% /
tmpfs           7.9G   84K  7.9G   1% /dev/shm
tmpfs           3.2G 1008K  3.2G   1% /run
tmpfs           5.0M     0  5.0M   0% /run/lock
efivarfs        128M   32K  128M   1% /sys/firmware/efi/efivars
/dev/sda16      881M   63M  757M   8% /boot
/dev/sda15      105M  6.2M   99M   6% /boot/efi
/dev/sdb1        74G  4.1G   66G   6% /mnt
tmpfs           1.6G   12K  1.6G   1% /run/user/1001

### 🧠 Memory Usage
               total        used        free      shared  buff/cache   available
Mem:            15Gi       1.2Gi       8.9Gi        39Mi       5.9Gi        14Gi
Swap:          4.0Gi          0B       4.0Gi

### ⚙️ CPU Info
 04:01:45 up 0 min,  0 user,  load average: 0.44, 0.12, 0.04

----------------------------------------

## 📊 DevOps Daily System Report — 2026-02-14 03:43:03

### 🖥 Disk Usage
Filesystem      Size  Used Avail Use% Mounted on
/dev/root       145G   53G   92G  37% /
tmpfs           7.9G   84K  7.9G   1% /dev/shm
tmpfs           3.2G 1004K  3.2G   1% /run
tmpfs           5.0M     0  5.0M   0% /run/lock
efivarfs        128M   32K  128M   1% /sys/firmware/efi/efivars
/dev/sda16      881M   63M  757M   8% /boot
/dev/sda15      105M  6.2M   99M   6% /boot/efi
tmpfs           1.6G   12K  1.6G   1% /run/user/1001

### 🧠 Memory Usage
               total        used        free      shared  buff/cache   available
Mem:            15Gi       934Mi        13Gi        40Mi       1.8Gi        14Gi
Swap:          3.0Gi          0B       3.0Gi

### ⚙️ CPU Info
 03:43:03 up 0 min,  0 user,  load average: 0.19, 0.05, 0.01

----------------------------------------

## 📊 DevOps Daily System Report — 2026-02-15 04:03:15

### 🖥 Disk Usage
Filesystem      Size  Used Avail Use% Mounted on
/dev/root       145G   53G   92G  37% /
tmpfs           7.9G   84K  7.9G   1% /dev/shm
tmpfs           3.2G 1004K  3.2G   1% /run
tmpfs           5.0M     0  5.0M   0% /run/lock
efivarfs        128M   32K  128M   1% /sys/firmware/efi/efivars
/dev/sda16      881M   63M  757M   8% /boot
/dev/sda15      105M  6.2M   99M   6% /boot/efi
tmpfs           1.6G   12K  1.6G   1% /run/user/1001

### 🧠 Memory Usage
               total        used        free      shared  buff/cache   available
Mem:            15Gi       1.0Gi        13Gi        39Mi       1.8Gi        14Gi
Swap:          3.0Gi          0B       3.0Gi

### ⚙️ CPU Info
 04:03:15 up 0 min,  0 user,  load average: 0.18, 0.05, 0.01

----------------------------------------

## 📊 DevOps Daily System Report — 2026-02-16 04:04:14

### 🖥 Disk Usage
Filesystem      Size  Used Avail Use% Mounted on
/dev/root       145G   53G   92G  37% /
tmpfs           7.9G   84K  7.9G   1% /dev/shm
tmpfs           3.2G 1000K  3.2G   1% /run
tmpfs           5.0M     0  5.0M   0% /run/lock
efivarfs        128M   26K  128M   1% /sys/firmware/efi/efivars
/dev/sda16      881M   63M  757M   8% /boot
/dev/sda15      105M  6.2M   99M   6% /boot/efi
tmpfs           1.6G   12K  1.6G   1% /run/user/1001

### 🧠 Memory Usage
               total        used        free      shared  buff/cache   available
Mem:            15Gi       831Mi        13Gi        39Mi       1.8Gi        14Gi
Swap:          3.0Gi          0B       3.0Gi

### ⚙️ CPU Info
 04:04:14 up 1 min,  0 user,  load average: 0.06, 0.04, 0.01

----------------------------------------

## 📊 DevOps Daily System Report — 2026-02-17 03:59:40

### 🖥 Disk Usage
Filesystem      Size  Used Avail Use% Mounted on
/dev/root       145G   53G   92G  37% /
tmpfs           7.9G   84K  7.9G   1% /dev/shm
tmpfs           3.2G 1000K  3.2G   1% /run
tmpfs           5.0M     0  5.0M   0% /run/lock
efivarfs        128M   32K  128M   1% /sys/firmware/efi/efivars
/dev/sda16      881M   63M  757M   8% /boot
/dev/sda15      105M  6.2M   99M   6% /boot/efi
tmpfs           1.6G   12K  1.6G   1% /run/user/1001

### 🧠 Memory Usage
               total        used        free      shared  buff/cache   available
Mem:            15Gi       817Mi        13Gi        40Mi       1.8Gi        14Gi
Swap:          3.0Gi          0B       3.0Gi

### ⚙️ CPU Info
 03:59:40 up 0 min,  0 user,  load average: 0.95, 0.31, 0.11

----------------------------------------

## 📊 DevOps Daily System Report — 2026-02-18 04:01:18

### 🖥 Disk Usage
Filesystem      Size  Used Avail Use% Mounted on
/dev/root       145G   53G   92G  37% /
tmpfs           7.9G   84K  7.9G   1% /dev/shm
tmpfs           3.2G 1000K  3.2G   1% /run
tmpfs           5.0M     0  5.0M   0% /run/lock
efivarfs        128M   26K  128M   1% /sys/firmware/efi/efivars
/dev/sda16      881M   63M  757M   8% /boot
/dev/sda15      105M  6.2M   99M   6% /boot/efi
tmpfs           1.6G   12K  1.6G   1% /run/user/1001

### 🧠 Memory Usage
               total        used        free      shared  buff/cache   available
Mem:            15Gi       824Mi        13Gi        39Mi       1.8Gi        14Gi
Swap:          3.0Gi          0B       3.0Gi

### ⚙️ CPU Info
 04:01:18 up 3 min,  0 user,  load average: 0.25, 0.09, 0.02

----------------------------------------

## 📊 DevOps Daily System Report — 2026-02-19 04:00:41

### 🖥 Disk Usage
Filesystem      Size  Used Avail Use% Mounted on
/dev/root       145G   53G   92G  37% /
tmpfs           7.9G   84K  7.9G   1% /dev/shm
tmpfs           3.2G 1000K  3.2G   1% /run
tmpfs           5.0M     0  5.0M   0% /run/lock
efivarfs        128M   26K  128M   1% /sys/firmware/efi/efivars
/dev/sda16      881M   63M  757M   8% /boot
/dev/sda15      105M  6.2M   99M   6% /boot/efi
tmpfs           1.6G   12K  1.6G   1% /run/user/1001

### 🧠 Memory Usage
               total        used        free      shared  buff/cache   available
Mem:            15Gi       836Mi        13Gi        39Mi       1.8Gi        14Gi
Swap:          3.0Gi          0B       3.0Gi

### ⚙️ CPU Info
 04:00:41 up 11 min,  0 user,  load average: 0.11, 0.03, 0.01

----------------------------------------

## 📊 DevOps Daily System Report — 2026-02-20 03:55:35

### 🖥 Disk Usage
Filesystem      Size  Used Avail Use% Mounted on
/dev/root       145G   53G   92G  37% /
tmpfs           7.9G   84K  7.9G   1% /dev/shm
tmpfs           3.2G  1.1M  3.2G   1% /run
tmpfs           5.0M     0  5.0M   0% /run/lock
efivarfs        128M   32K  128M   1% /sys/firmware/efi/efivars
/dev/sda16      881M   62M  758M   8% /boot
/dev/sda15      105M  6.2M   99M   6% /boot/efi
tmpfs           1.6G   12K  1.6G   1% /run/user/1001

### 🧠 Memory Usage
               total        used        free      shared  buff/cache   available
Mem:            15Gi       1.1Gi        13Gi        39Mi       1.8Gi        14Gi
Swap:          3.0Gi          0B       3.0Gi

### ⚙️ CPU Info
 03:55:35 up 0 min,  0 user,  load average: 1.23, 0.30, 0.10

----------------------------------------

## 📊 DevOps Daily System Report — 2026-02-21 03:39:04

### 🖥 Disk Usage
Filesystem      Size  Used Avail Use% Mounted on
/dev/root       145G   53G   92G  37% /
tmpfs           7.9G   84K  7.9G   1% /dev/shm
tmpfs           3.2G  1.1M  3.2G   1% /run
tmpfs           5.0M     0  5.0M   0% /run/lock
efivarfs        128M   26K  128M   1% /sys/firmware/efi/efivars
/dev/sda16      881M   62M  758M   8% /boot
/dev/sda15      105M  6.2M   99M   6% /boot/efi
tmpfs           1.6G   12K  1.6G   1% /run/user/1001

### 🧠 Memory Usage
               total        used        free      shared  buff/cache   available
Mem:            15Gi       809Mi        13Gi        39Mi       1.8Gi        14Gi
Swap:          3.0Gi          0B       3.0Gi

### ⚙️ CPU Info
 03:39:04 up 0 min,  0 user,  load average: 0.74, 0.25, 0.09

----------------------------------------

## 📊 DevOps Daily System Report — 2026-02-22 03:58:06

### 🖥 Disk Usage
Filesystem      Size  Used Avail Use% Mounted on
/dev/root       145G   53G   92G  37% /
tmpfs           7.9G   84K  7.9G   1% /dev/shm
tmpfs           3.2G  1.1M  3.2G   1% /run
tmpfs           5.0M     0  5.0M   0% /run/lock
efivarfs        128M   26K  128M   1% /sys/firmware/efi/efivars
/dev/sda16      881M   62M  758M   8% /boot
/dev/sda15      105M  6.2M   99M   6% /boot/efi
tmpfs           1.6G   12K  1.6G   1% /run/user/1001

### 🧠 Memory Usage
               total        used        free      shared  buff/cache   available
Mem:            15Gi       836Mi        13Gi        40Mi       1.8Gi        14Gi
Swap:          3.0Gi          0B       3.0Gi

### ⚙️ CPU Info
 03:58:06 up 1 min,  0 user,  load average: 0.09, 0.05, 0.01

----------------------------------------

## 📊 DevOps Daily System Report — 2026-02-23 04:02:53

### 🖥 Disk Usage
Filesystem      Size  Used Avail Use% Mounted on
/dev/root       145G   53G   92G  37% /
tmpfs           7.9G   84K  7.9G   1% /dev/shm
tmpfs           3.2G  1.1M  3.2G   1% /run
tmpfs           5.0M     0  5.0M   0% /run/lock
efivarfs        128M   32K  128M   1% /sys/firmware/efi/efivars
/dev/sda16      881M   62M  758M   8% /boot
/dev/sda15      105M  6.2M   99M   6% /boot/efi
tmpfs           1.6G   12K  1.6G   1% /run/user/1001

### 🧠 Memory Usage
               total        used        free      shared  buff/cache   available
Mem:            15Gi       829Mi        13Gi        39Mi       1.8Gi        14Gi
Swap:          3.0Gi          0B       3.0Gi

### ⚙️ CPU Info
 04:02:53 up 2 min,  0 user,  load average: 0.14, 0.08, 0.03

----------------------------------------

## 📊 DevOps Daily System Report — 2026-02-24 03:59:16

### 🖥 Disk Usage
Filesystem      Size  Used Avail Use% Mounted on
/dev/root       145G   53G   92G  37% /
tmpfs           7.9G   84K  7.9G   1% /dev/shm
tmpfs           3.2G  1.1M  3.2G   1% /run
tmpfs           5.0M     0  5.0M   0% /run/lock
efivarfs        128M   26K  128M   1% /sys/firmware/efi/efivars
/dev/sda16      881M   62M  758M   8% /boot
/dev/sda15      105M  6.2M   99M   6% /boot/efi
tmpfs           1.6G   12K  1.6G   1% /run/user/1001

### 🧠 Memory Usage
               total        used        free      shared  buff/cache   available
Mem:            15Gi       832Mi        13Gi        40Mi       1.8Gi        14Gi
Swap:          3.0Gi          0B       3.0Gi

### ⚙️ CPU Info
 03:59:16 up 1 min,  0 user,  load average: 0.09, 0.04, 0.01

----------------------------------------

## 📊 DevOps Daily System Report — 2026-02-25 04:00:18

### 🖥 Disk Usage
Filesystem      Size  Used Avail Use% Mounted on
/dev/root       145G   53G   92G  37% /
tmpfs           7.9G   84K  7.9G   1% /dev/shm
tmpfs           3.2G  1.0M  3.2G   1% /run
tmpfs           5.0M     0  5.0M   0% /run/lock
efivarfs        128M   32K  128M   1% /sys/firmware/efi/efivars
/dev/sda16      881M   62M  758M   8% /boot
/dev/sda15      105M  6.2M   99M   6% /boot/efi
tmpfs           1.6G   12K  1.6G   1% /run/user/1001

### 🧠 Memory Usage
               total        used        free      shared  buff/cache   available
Mem:            15Gi       837Mi        13Gi        40Mi       1.8Gi        14Gi
Swap:          3.0Gi          0B       3.0Gi

### ⚙️ CPU Info
 04:00:18 up 2 min,  0 user,  load average: 0.27, 0.09, 0.03

----------------------------------------

## 📊 DevOps Daily System Report — 2026-02-26 03:57:02

### 🖥 Disk Usage
Filesystem      Size  Used Avail Use% Mounted on
/dev/root       145G   53G   92G  37% /
tmpfs           7.9G   84K  7.9G   1% /dev/shm
tmpfs           3.2G 1012K  3.2G   1% /run
tmpfs           5.0M     0  5.0M   0% /run/lock
efivarfs        128M   32K  128M   1% /sys/firmware/efi/efivars
/dev/sda16      881M   63M  757M   8% /boot
/dev/sda15      105M  6.2M   99M   6% /boot/efi
tmpfs           1.6G   12K  1.6G   1% /run/user/1001

### 🧠 Memory Usage
               total        used        free      shared  buff/cache   available
Mem:            15Gi       1.1Gi        12Gi        39Mi       1.8Gi        14Gi
Swap:          3.0Gi          0B       3.0Gi

### ⚙️ CPU Info
 03:57:02 up 0 min,  0 user,  load average: 2.02, 0.49, 0.16

----------------------------------------

## 📊 DevOps Daily System Report — 2026-02-27 03:53:19

### 🖥 Disk Usage
Filesystem      Size  Used Avail Use% Mounted on
/dev/root       145G   53G   92G  37% /
tmpfs           7.9G   84K  7.9G   1% /dev/shm
tmpfs           3.2G  1.1M  3.2G   1% /run
tmpfs           5.0M     0  5.0M   0% /run/lock
efivarfs        128M   26K  128M   1% /sys/firmware/efi/efivars
/dev/sda16      881M   63M  757M   8% /boot
/dev/sda15      105M  6.2M   99M   6% /boot/efi
tmpfs           1.6G   12K  1.6G   1% /run/user/1001

### 🧠 Memory Usage
               total        used        free      shared  buff/cache   available
Mem:            15Gi       855Mi        13Gi        39Mi       1.8Gi        14Gi
Swap:          3.0Gi          0B       3.0Gi

### ⚙️ CPU Info
 03:53:19 up 5 min,  0 user,  load average: 0.08, 0.04, 0.01

----------------------------------------

## 📊 DevOps Daily System Report — 2026-02-28 03:28:11

### 🖥 Disk Usage
Filesystem      Size  Used Avail Use% Mounted on
/dev/root       145G   54G   91G  37% /
tmpfs           7.9G   84K  7.9G   1% /dev/shm
tmpfs           3.2G  1.1M  3.2G   1% /run
tmpfs           5.0M     0  5.0M   0% /run/lock
efivarfs        128M   32K  128M   1% /sys/firmware/efi/efivars
/dev/sda16      881M   63M  757M   8% /boot
/dev/sda15      105M  6.2M   99M   6% /boot/efi
tmpfs           1.6G   12K  1.6G   1% /run/user/1001

### 🧠 Memory Usage
               total        used        free      shared  buff/cache   available
Mem:            15Gi       1.3Gi        11Gi        40Mi       2.7Gi        14Gi
Swap:          3.0Gi          0B       3.0Gi

### ⚙️ CPU Info
 03:28:11 up 0 min,  0 user,  load average: 0.27, 0.06, 0.02

----------------------------------------

## 📊 DevOps Daily System Report — 2026-03-01 04:03:53

### 🖥 Disk Usage
Filesystem      Size  Used Avail Use% Mounted on
/dev/root       145G   54G   91G  37% /
tmpfs           7.9G   84K  7.9G   1% /dev/shm
tmpfs           3.2G  1.1M  3.2G   1% /run
tmpfs           5.0M     0  5.0M   0% /run/lock
efivarfs        128M   32K  128M   1% /sys/firmware/efi/efivars
/dev/sda16      881M   63M  757M   8% /boot
/dev/sda15      105M  6.2M   99M   6% /boot/efi
tmpfs           1.6G   12K  1.6G   1% /run/user/1001

### 🧠 Memory Usage
               total        used        free      shared  buff/cache   available
Mem:            15Gi       897Mi        12Gi        40Mi       2.7Gi        14Gi
Swap:          3.0Gi          0B       3.0Gi

### ⚙️ CPU Info
 04:03:53 up 1 min,  0 user,  load average: 0.20, 0.08, 0.03

----------------------------------------

## 📊 DevOps Daily System Report — 2026-03-02 03:54:02

### 🖥 Disk Usage
Filesystem      Size  Used Avail Use% Mounted on
/dev/root       145G   54G   91G  37% /
tmpfs           7.9G   84K  7.9G   1% /dev/shm
tmpfs           3.2G  1.1M  3.2G   1% /run
tmpfs           5.0M     0  5.0M   0% /run/lock
efivarfs        128M   32K  128M   1% /sys/firmware/efi/efivars
/dev/sda16      881M   63M  757M   8% /boot
/dev/sda15      105M  6.2M   99M   6% /boot/efi
tmpfs           1.6G   12K  1.6G   1% /run/user/1001

### 🧠 Memory Usage
               total        used        free      shared  buff/cache   available
Mem:            15Gi       872Mi        12Gi        39Mi       2.7Gi        14Gi
Swap:          3.0Gi          0B       3.0Gi

### ⚙️ CPU Info
 03:54:02 up 3 min,  0 user,  load average: 0.05, 0.14, 0.07

----------------------------------------

## 📊 DevOps Daily System Report — 2026-03-03 03:55:43

### 🖥 Disk Usage
Filesystem      Size  Used Avail Use% Mounted on
/dev/root       145G   53G   92G  37% /
tmpfs           7.9G   84K  7.9G   1% /dev/shm
tmpfs           3.2G 1012K  3.2G   1% /run
tmpfs           5.0M     0  5.0M   0% /run/lock
efivarfs        128M   32K  128M   1% /sys/firmware/efi/efivars
/dev/sda16      881M   63M  757M   8% /boot
/dev/sda15      105M  6.2M   99M   6% /boot/efi
tmpfs           1.6G   12K  1.6G   1% /run/user/1001

### 🧠 Memory Usage
               total        used        free      shared  buff/cache   available
Mem:            15Gi       1.2Gi        12Gi        39Mi       1.8Gi        14Gi
Swap:          3.0Gi          0B       3.0Gi

### ⚙️ CPU Info
 03:55:43 up 0 min,  0 user,  load average: 0.28, 0.06, 0.02

----------------------------------------

## 📊 DevOps Daily System Report — 2026-03-04 03:40:22

### 🖥 Disk Usage
Filesystem      Size  Used Avail Use% Mounted on
/dev/root       145G   54G   91G  37% /
tmpfs           7.9G   84K  7.9G   1% /dev/shm
tmpfs           3.2G  1.1M  3.2G   1% /run
tmpfs           5.0M     0  5.0M   0% /run/lock
efivarfs        128M   32K  128M   1% /sys/firmware/efi/efivars
/dev/sda16      881M   63M  757M   8% /boot
/dev/sda15      105M  6.2M   99M   6% /boot/efi
tmpfs           1.6G   12K  1.6G   1% /run/user/1001

### 🧠 Memory Usage
               total        used        free      shared  buff/cache   available
Mem:            15Gi       1.3Gi        11Gi        40Mi       2.7Gi        14Gi
Swap:          3.0Gi          0B       3.0Gi

### ⚙️ CPU Info
 03:40:22 up 0 min,  0 user,  load average: 0.44, 0.11, 0.04

----------------------------------------

## 📊 DevOps Daily System Report — 2026-03-05 03:52:55

### 🖥 Disk Usage
Filesystem      Size  Used Avail Use% Mounted on
/dev/root       145G   53G   92G  37% /
tmpfs           7.9G   84K  7.9G   1% /dev/shm
tmpfs           3.2G  1.1M  3.2G   1% /run
tmpfs           5.0M     0  5.0M   0% /run/lock
efivarfs        128M   32K  128M   1% /sys/firmware/efi/efivars
/dev/sda16      881M   63M  757M   8% /boot
/dev/sda15      105M  6.2M   99M   6% /boot/efi
tmpfs           1.6G   12K  1.6G   1% /run/user/1001

### 🧠 Memory Usage
               total        used        free      shared  buff/cache   available
Mem:            15Gi       841Mi        13Gi        39Mi       1.8Gi        14Gi
Swap:          3.0Gi          0B       3.0Gi

### ⚙️ CPU Info
 03:52:55 up 1 min,  0 user,  load average: 0.26, 0.16, 0.06

----------------------------------------

## 📊 DevOps Daily System Report — 2026-03-06 03:42:16

### 🖥 Disk Usage
Filesystem      Size  Used Avail Use% Mounted on
/dev/root       145G   54G   91G  37% /
tmpfs           7.9G   84K  7.9G   1% /dev/shm
tmpfs           3.2G  1.1M  3.2G   1% /run
tmpfs           5.0M     0  5.0M   0% /run/lock
efivarfs        128M   26K  128M   1% /sys/firmware/efi/efivars
/dev/sda16      881M   63M  757M   8% /boot
/dev/sda15      105M  6.2M   99M   6% /boot/efi
tmpfs           1.6G   12K  1.6G   1% /run/user/1001

### 🧠 Memory Usage
               total        used        free      shared  buff/cache   available
Mem:            15Gi       1.2Gi        11Gi        39Mi       2.7Gi        14Gi
Swap:          3.0Gi          0B       3.0Gi

### ⚙️ CPU Info
 03:42:17 up 0 min,  0 user,  load average: 0.33, 0.08, 0.03

----------------------------------------

## 📊 DevOps Daily System Report — 2026-03-07 03:32:29

### 🖥 Disk Usage
Filesystem      Size  Used Avail Use% Mounted on
/dev/root       145G   54G   91G  37% /
tmpfs           7.9G   84K  7.9G   1% /dev/shm
tmpfs           3.2G  1.1M  3.2G   1% /run
tmpfs           5.0M     0  5.0M   0% /run/lock
efivarfs        128M   32K  128M   1% /sys/firmware/efi/efivars
/dev/sda16      881M   63M  757M   8% /boot
/dev/sda15      105M  6.2M   99M   6% /boot/efi
tmpfs           1.6G   12K  1.6G   1% /run/user/1001

### 🧠 Memory Usage
               total        used        free      shared  buff/cache   available
Mem:            15Gi       898Mi        12Gi        39Mi       2.7Gi        14Gi
Swap:          3.0Gi          0B       3.0Gi

### ⚙️ CPU Info
 03:32:30 up 3 min,  0 user,  load average: 0.10, 0.06, 0.02

----------------------------------------

## 📊 DevOps Daily System Report — 2026-03-08 03:52:40

### 🖥 Disk Usage
Filesystem      Size  Used Avail Use% Mounted on
/dev/root       145G   54G   91G  37% /
tmpfs           7.9G   84K  7.9G   1% /dev/shm
tmpfs           3.2G  1.1M  3.2G   1% /run
tmpfs           5.0M     0  5.0M   0% /run/lock
efivarfs        128M   32K  128M   1% /sys/firmware/efi/efivars
/dev/sda16      881M   63M  757M   8% /boot
/dev/sda15      105M  6.2M   99M   6% /boot/efi
tmpfs           1.6G   12K  1.6G   1% /run/user/1001

### 🧠 Memory Usage
               total        used        free      shared  buff/cache   available
Mem:            15Gi       860Mi        12Gi        39Mi       2.7Gi        14Gi
Swap:          3.0Gi          0B       3.0Gi

### ⚙️ CPU Info
 03:52:40 up 8 min,  0 user,  load average: 0.00, 0.00, 0.00

----------------------------------------

## 📊 DevOps Daily System Report — 2026-03-09 03:57:11

### 🖥 Disk Usage
Filesystem      Size  Used Avail Use% Mounted on
/dev/root       145G   54G   91G  37% /
tmpfs           7.9G   84K  7.9G   1% /dev/shm
tmpfs           3.2G  1.1M  3.2G   1% /run
tmpfs           5.0M     0  5.0M   0% /run/lock
efivarfs        128M   32K  128M   1% /sys/firmware/efi/efivars
/dev/sda16      881M   63M  757M   8% /boot
/dev/sda15      105M  6.2M   99M   6% /boot/efi
tmpfs           1.6G   12K  1.6G   1% /run/user/1001

### 🧠 Memory Usage
               total        used        free      shared  buff/cache   available
Mem:            15Gi       1.2Gi        12Gi        39Mi       2.7Gi        14Gi
Swap:          3.0Gi          0B       3.0Gi

### ⚙️ CPU Info
 03:57:11 up 0 min,  0 user,  load average: 0.36, 0.09, 0.03

----------------------------------------

## 📊 DevOps Daily System Report — 2026-03-10 03:40:27

### 🖥 Disk Usage
Filesystem      Size  Used Avail Use% Mounted on
/dev/root       145G   53G   92G  37% /
tmpfs           7.9G   84K  7.9G   1% /dev/shm
tmpfs           3.2G  1.1M  3.2G   1% /run
tmpfs           5.0M     0  5.0M   0% /run/lock
efivarfs        128M   32K  128M   1% /sys/firmware/efi/efivars
/dev/sda16      881M   63M  757M   8% /boot
/dev/sda15      105M  6.2M   99M   6% /boot/efi
tmpfs           1.6G   12K  1.6G   1% /run/user/1001

### 🧠 Memory Usage
               total        used        free      shared  buff/cache   available
Mem:            15Gi       835Mi        13Gi        39Mi       1.5Gi        14Gi
Swap:          3.0Gi          0B       3.0Gi

### ⚙️ CPU Info
 03:40:27 up 13 min,  0 user,  load average: 0.09, 0.02, 0.01

----------------------------------------

## 📊 DevOps Daily System Report — 2026-03-11 03:40:23

### 🖥 Disk Usage
Filesystem      Size  Used Avail Use% Mounted on
/dev/root       145G   54G   92G  37% /
tmpfs           7.9G   84K  7.9G   1% /dev/shm
tmpfs           3.2G 1008K  3.2G   1% /run
tmpfs           5.0M     0  5.0M   0% /run/lock
efivarfs        128M   32K  128M   1% /sys/firmware/efi/efivars
/dev/sda16      881M   63M  757M   8% /boot
/dev/sda15      105M  6.2M   99M   6% /boot/efi
tmpfs           1.6G   12K  1.6G   1% /run/user/1001

### 🧠 Memory Usage
               total        used        free      shared  buff/cache   available
Mem:            15Gi       1.2Gi        12Gi        39Mi       2.4Gi        14Gi
Swap:          3.0Gi          0B       3.0Gi

### ⚙️ CPU Info
 03:40:23 up 0 min,  0 user,  load average: 2.15, 0.61, 0.21

----------------------------------------

## 📊 DevOps Daily System Report — 2026-03-12 03:55:11

### 🖥 Disk Usage
Filesystem      Size  Used Avail Use% Mounted on
/dev/root       145G   54G   92G  37% /
tmpfs           7.9G   84K  7.9G   1% /dev/shm
tmpfs           3.2G  1.1M  3.2G   1% /run
tmpfs           5.0M     0  5.0M   0% /run/lock
efivarfs        128M   32K  128M   1% /sys/firmware/efi/efivars
/dev/sda16      881M   63M  757M   8% /boot
/dev/sda15      105M  6.2M   99M   6% /boot/efi
tmpfs           1.6G   12K  1.6G   1% /run/user/1001

### 🧠 Memory Usage
               total        used        free      shared  buff/cache   available
Mem:            15Gi       1.2Gi        12Gi        39Mi       2.4Gi        14Gi
Swap:          3.0Gi          0B       3.0Gi

### ⚙️ CPU Info
 03:55:11 up 1 min,  0 user,  load average: 0.36, 0.12, 0.04

----------------------------------------

## 📊 DevOps Daily System Report — 2026-03-13 03:52:29

### 🖥 Disk Usage
Filesystem      Size  Used Avail Use% Mounted on
/dev/root       145G   53G   92G  37% /
tmpfs           7.9G   84K  7.9G   1% /dev/shm
tmpfs           3.2G  1.1M  3.2G   1% /run
tmpfs           5.0M     0  5.0M   0% /run/lock
efivarfs        128M   32K  128M   1% /sys/firmware/efi/efivars
/dev/sda16      881M   63M  757M   8% /boot
/dev/sda15      105M  6.2M   99M   6% /boot/efi
tmpfs           1.6G   12K  1.6G   1% /run/user/1001

### 🧠 Memory Usage
               total        used        free      shared  buff/cache   available
Mem:            15Gi       995Mi        13Gi        39Mi       1.5Gi        14Gi
Swap:          3.0Gi          0B       3.0Gi

### ⚙️ CPU Info
 03:52:29 up 0 min,  0 user,  load average: 0.18, 0.05, 0.01

----------------------------------------

## 📊 DevOps Daily System Report — 2026-03-14 03:42:21

### 🖥 Disk Usage
Filesystem      Size  Used Avail Use% Mounted on
/dev/root       145G   54G   91G  38% /
tmpfs           7.9G   84K  7.9G   1% /dev/shm
tmpfs           3.2G  1.1M  3.2G   1% /run
tmpfs           5.0M     0  5.0M   0% /run/lock
efivarfs        128M   32K  128M   1% /sys/firmware/efi/efivars
/dev/sda16      881M   63M  757M   8% /boot
/dev/sda15      105M  6.2M   99M   6% /boot/efi
tmpfs           1.6G   12K  1.6G   1% /run/user/1001

### 🧠 Memory Usage
               total        used        free      shared  buff/cache   available
Mem:            15Gi       857Mi        13Gi        40Mi       1.5Gi        14Gi
Swap:          3.0Gi          0B       3.0Gi

### ⚙️ CPU Info
 03:42:21 up 1 min,  0 user,  load average: 0.12, 0.04, 0.01

----------------------------------------

## 📊 DevOps Daily System Report — 2026-03-15 04:13:37

### 🖥 Disk Usage
Filesystem      Size  Used Avail Use% Mounted on
/dev/root       145G   54G   92G  37% /
tmpfs           7.9G   84K  7.9G   1% /dev/shm
tmpfs           3.2G  1.1M  3.2G   1% /run
tmpfs           5.0M     0  5.0M   0% /run/lock
efivarfs        128M   26K  128M   1% /sys/firmware/efi/efivars
/dev/sda16      881M   63M  757M   8% /boot
/dev/sda15      105M  6.2M   99M   6% /boot/efi
tmpfs           1.6G   12K  1.6G   1% /run/user/1001

### 🧠 Memory Usage
               total        used        free      shared  buff/cache   available
Mem:            15Gi       1.5Gi        12Gi        39Mi       2.4Gi        14Gi
Swap:          3.0Gi          0B       3.0Gi

### ⚙️ CPU Info
 04:13:37 up 0 min,  0 user,  load average: 0.32, 0.08, 0.03

----------------------------------------

## 📊 DevOps Daily System Report — 2026-03-16 04:20:07

### 🖥 Disk Usage
Filesystem      Size  Used Avail Use% Mounted on
/dev/root       145G   54G   91G  38% /
tmpfs           7.9G   84K  7.9G   1% /dev/shm
tmpfs           3.2G 1012K  3.2G   1% /run
tmpfs           5.0M     0  5.0M   0% /run/lock
efivarfs        128M   26K  128M   1% /sys/firmware/efi/efivars
/dev/sda16      881M   63M  757M   8% /boot
/dev/sda15      105M  6.2M   99M   6% /boot/efi
tmpfs           1.6G   12K  1.6G   1% /run/user/1001

### 🧠 Memory Usage
               total        used        free      shared  buff/cache   available
Mem:            15Gi       1.1Gi        13Gi        39Mi       1.5Gi        14Gi
Swap:          3.0Gi          0B       3.0Gi

### ⚙️ CPU Info
 04:20:07 up 0 min,  0 user,  load average: 1.81, 0.45, 0.15

----------------------------------------

## 📊 DevOps Daily System Report — 2026-03-17 03:57:43

### 🖥 Disk Usage
Filesystem      Size  Used Avail Use% Mounted on
/dev/root       145G   55G   91G  38% /
tmpfs           7.9G   84K  7.9G   1% /dev/shm
tmpfs           3.2G  1.1M  3.2G   1% /run
tmpfs           5.0M     0  5.0M   0% /run/lock
efivarfs        128M   32K  128M   1% /sys/firmware/efi/efivars
/dev/sda16      881M   63M  757M   8% /boot
/dev/sda15      105M  6.2M   99M   6% /boot/efi
tmpfs           1.6G   12K  1.6G   1% /run/user/1001

### 🧠 Memory Usage
               total        used        free      shared  buff/cache   available
Mem:            15Gi       1.3Gi        12Gi        39Mi       2.4Gi        14Gi
Swap:          3.0Gi          0B       3.0Gi

### ⚙️ CPU Info
 03:57:43 up 0 min,  0 user,  load average: 1.98, 0.55, 0.19

----------------------------------------

## 📊 DevOps Daily System Report — 2026-03-18 04:04:07

### 🖥 Disk Usage
Filesystem      Size  Used Avail Use% Mounted on
/dev/root       145G   55G   91G  38% /
tmpfs           7.9G   84K  7.9G   1% /dev/shm
tmpfs           3.2G  1.1M  3.2G   1% /run
tmpfs           5.0M     0  5.0M   0% /run/lock
efivarfs        128M   26K  128M   1% /sys/firmware/efi/efivars
/dev/sda16      881M   63M  757M   8% /boot
/dev/sda15      105M  6.2M   99M   6% /boot/efi
tmpfs           1.6G   12K  1.6G   1% /run/user/1001

### 🧠 Memory Usage
               total        used        free      shared  buff/cache   available
Mem:            15Gi       889Mi        12Gi        39Mi       2.4Gi        14Gi
Swap:          3.0Gi          0B       3.0Gi

### ⚙️ CPU Info
 04:04:07 up 1 min,  0 user,  load average: 0.10, 0.06, 0.02

----------------------------------------

## 📊 DevOps Daily System Report — 2026-03-19 04:03:04

### 🖥 Disk Usage
Filesystem      Size  Used Avail Use% Mounted on
/dev/root       145G   54G   91G  38% /
tmpfs           7.9G   84K  7.9G   1% /dev/shm
tmpfs           3.2G  1.1M  3.2G   1% /run
tmpfs           5.0M     0  5.0M   0% /run/lock
efivarfs        128M   32K  128M   1% /sys/firmware/efi/efivars
/dev/sda16      881M   63M  757M   8% /boot
/dev/sda15      105M  6.2M   99M   6% /boot/efi
tmpfs           1.6G   12K  1.6G   1% /run/user/1001

### 🧠 Memory Usage
               total        used        free      shared  buff/cache   available
Mem:            15Gi       1.1Gi        13Gi        39Mi       1.5Gi        14Gi
Swap:          3.0Gi          0B       3.0Gi

### ⚙️ CPU Info
 04:03:04 up 0 min,  0 user,  load average: 0.74, 0.19, 0.06

----------------------------------------

## 📊 DevOps Daily System Report — 2026-03-20 03:54:10

### 🖥 Disk Usage
Filesystem      Size  Used Avail Use% Mounted on
/dev/root       145G   54G   91G  38% /
tmpfs           7.9G   84K  7.9G   1% /dev/shm
tmpfs           3.2G  1.1M  3.2G   1% /run
tmpfs           5.0M     0  5.0M   0% /run/lock
efivarfs        128M   26K  128M   1% /sys/firmware/efi/efivars
/dev/sda16      881M   63M  757M   8% /boot
/dev/sda15      105M  6.2M   99M   6% /boot/efi
tmpfs           1.6G   12K  1.6G   1% /run/user/1001

### 🧠 Memory Usage
               total        used        free      shared  buff/cache   available
Mem:            15Gi       831Mi        13Gi        41Mi       1.5Gi        14Gi
Swap:          3.0Gi          0B       3.0Gi

### ⚙️ CPU Info
 03:54:10 up 9 min,  0 user,  load average: 0.09, 0.06, 0.04

----------------------------------------

## 📊 DevOps Daily System Report — 2026-03-21 03:36:38

### 🖥 Disk Usage
Filesystem      Size  Used Avail Use% Mounted on
/dev/root       145G   55G   91G  38% /
tmpfs           7.9G   84K  7.9G   1% /dev/shm
tmpfs           3.2G  1.1M  3.2G   1% /run
tmpfs           5.0M     0  5.0M   0% /run/lock
efivarfs        128M   32K  128M   1% /sys/firmware/efi/efivars
/dev/sda16      881M   63M  757M   8% /boot
/dev/sda15      105M  6.2M   99M   6% /boot/efi
tmpfs           1.6G   12K  1.6G   1% /run/user/1001

### 🧠 Memory Usage
               total        used        free      shared  buff/cache   available
Mem:            15Gi       1.4Gi        12Gi        39Mi       2.4Gi        14Gi
Swap:          3.0Gi          0B       3.0Gi

### ⚙️ CPU Info
 03:36:38 up 0 min,  0 user,  load average: 0.26, 0.06, 0.02

----------------------------------------

## 📊 DevOps Daily System Report — 2026-03-22 04:00:29

### 🖥 Disk Usage
Filesystem      Size  Used Avail Use% Mounted on
/dev/root       145G   55G   91G  38% /
tmpfs           7.9G   84K  7.9G   1% /dev/shm
tmpfs           3.2G 1012K  3.2G   1% /run
tmpfs           5.0M     0  5.0M   0% /run/lock
efivarfs        128M   26K  128M   1% /sys/firmware/efi/efivars
/dev/sda16      881M   63M  757M   8% /boot
/dev/sda15      105M  6.2M   99M   6% /boot/efi
tmpfs           1.6G   12K  1.6G   1% /run/user/1001

### 🧠 Memory Usage
               total        used        free      shared  buff/cache   available
Mem:            15Gi       1.4Gi        12Gi        39Mi       2.4Gi        14Gi
Swap:          3.0Gi          0B       3.0Gi

### ⚙️ CPU Info
 04:00:29 up 0 min,  0 user,  load average: 1.21, 0.30, 0.10

----------------------------------------

## 📊 DevOps Daily System Report — 2026-03-23 04:07:19

### 🖥 Disk Usage
Filesystem      Size  Used Avail Use% Mounted on
/dev/root       145G   55G   91G  38% /
tmpfs           7.9G   84K  7.9G   1% /dev/shm
tmpfs           3.2G  1.1M  3.2G   1% /run
tmpfs           5.0M     0  5.0M   0% /run/lock
efivarfs        128M   32K  128M   1% /sys/firmware/efi/efivars
/dev/sda16      881M   63M  757M   8% /boot
/dev/sda15      105M  6.2M   99M   6% /boot/efi
tmpfs           1.6G   12K  1.6G   1% /run/user/1001

### 🧠 Memory Usage
               total        used        free      shared  buff/cache   available
Mem:            15Gi       891Mi        12Gi        39Mi       2.4Gi        14Gi
Swap:          3.0Gi          0B       3.0Gi

### ⚙️ CPU Info
 04:07:19 up 2 min,  0 user,  load average: 0.04, 0.05, 0.01

----------------------------------------

## 📊 DevOps Daily System Report — 2026-03-24 03:58:00

### 🖥 Disk Usage
Filesystem      Size  Used Avail Use% Mounted on
/dev/root       145G   55G   90G  38% /
tmpfs           7.9G   84K  7.9G   1% /dev/shm
tmpfs           3.2G  1.1M  3.2G   1% /run
tmpfs           5.0M     0  5.0M   0% /run/lock
efivarfs        128M   32K  128M   1% /sys/firmware/efi/efivars
/dev/sda16      881M   63M  757M   8% /boot
/dev/sda15      105M  6.2M   99M   6% /boot/efi
tmpfs           1.6G   12K  1.6G   1% /run/user/1001

### 🧠 Memory Usage
               total        used        free      shared  buff/cache   available
Mem:            15Gi       1.3Gi        12Gi        40Mi       2.4Gi        14Gi
Swap:          3.0Gi          0B       3.0Gi

### ⚙️ CPU Info
 03:58:00 up 0 min,  0 user,  load average: 0.36, 0.08, 0.03

----------------------------------------

## 📊 DevOps Daily System Report — 2026-03-25 04:00:01

### 🖥 Disk Usage
Filesystem      Size  Used Avail Use% Mounted on
/dev/root       145G   55G   91G  38% /
tmpfs           7.9G   84K  7.9G   1% /dev/shm
tmpfs           3.2G  1.1M  3.2G   1% /run
tmpfs           5.0M     0  5.0M   0% /run/lock
efivarfs        128M   32K  128M   1% /sys/firmware/efi/efivars
/dev/sda16      881M   63M  757M   8% /boot
/dev/sda15      105M  6.2M   99M   6% /boot/efi
tmpfs           1.6G   12K  1.6G   1% /run/user/1001

### 🧠 Memory Usage
               total        used        free      shared  buff/cache   available
Mem:            15Gi       882Mi        12Gi        40Mi       2.4Gi        14Gi
Swap:          3.0Gi          0B       3.0Gi

### ⚙️ CPU Info
 04:00:01 up 5 min,  0 user,  load average: 0.08, 0.06, 0.02

----------------------------------------

## 📊 DevOps Daily System Report — 2026-03-26 04:12:58

### 🖥 Disk Usage
Filesystem      Size  Used Avail Use% Mounted on
/dev/root       145G   55G   91G  38% /
tmpfs           7.9G   84K  7.9G   1% /dev/shm
tmpfs           3.2G  1.1M  3.2G   1% /run
tmpfs           5.0M     0  5.0M   0% /run/lock
efivarfs        128M   32K  128M   1% /sys/firmware/efi/efivars
/dev/sda16      881M   63M  757M   8% /boot
/dev/sda15      105M  6.2M   99M   6% /boot/efi
tmpfs           1.6G   12K  1.6G   1% /run/user/1001

### 🧠 Memory Usage
               total        used        free      shared  buff/cache   available
Mem:            15Gi       877Mi        12Gi        39Mi       2.4Gi        14Gi
Swap:          3.0Gi          0B       3.0Gi

### ⚙️ CPU Info
 04:12:58 up 0 min,  0 user,  load average: 0.31, 0.10, 0.04

----------------------------------------

## 📊 DevOps Daily System Report — 2026-03-27 04:14:08

### 🖥 Disk Usage
Filesystem      Size  Used Avail Use% Mounted on
/dev/root       145G   55G   90G  38% /
tmpfs           7.9G   84K  7.9G   1% /dev/shm
tmpfs           3.2G  1.0M  3.2G   1% /run
tmpfs           5.0M     0  5.0M   0% /run/lock
efivarfs        128M   32K  128M   1% /sys/firmware/efi/efivars
/dev/sda16      881M   64M  756M   8% /boot
/dev/sda15      105M  6.2M   99M   6% /boot/efi
tmpfs           1.6G   12K  1.6G   1% /run/user/1001

### 🧠 Memory Usage
               total        used        free      shared  buff/cache   available
Mem:            15Gi       1.2Gi        12Gi        39Mi       2.5Gi        14Gi
Swap:          3.0Gi          0B       3.0Gi

### ⚙️ CPU Info
 04:14:08 up 0 min,  0 user,  load average: 0.41, 0.10, 0.03

----------------------------------------

