# ğŸ“… Daily DevOps Activity Log

Tracking daily automation & consistency.
- DevOps activity updated on 2025-12-27 11:17:46
## ğŸ“Š DevOps Daily System Report â€” 2025-12-27 11:26:43

### ğŸ–¥ Disk Usage
Filesystem      Size  Used Avail Use% Mounted on
/dev/root        72G   55G   18G  76% /
tmpfs           7.9G   84K  7.9G   1% /dev/shm
tmpfs           3.2G  1.2M  3.2G   1% /run
tmpfs           5.0M     0  5.0M   0% /run/lock
/dev/sdb16      881M   62M  758M   8% /boot
/dev/sdb15      105M  6.2M   99M   6% /boot/efi
/dev/sda1        74G  4.1G   66G   6% /mnt
tmpfs           1.6G   12K  1.6G   1% /run/user/1001

### ğŸ§  Memory Usage
               total        used        free      shared  buff/cache   available
Mem:            15Gi       1.1Gi       8.4Gi        40Mi       6.5Gi        14Gi
Swap:          4.0Gi          0B       4.0Gi

### âš™ï¸ CPU Info
 11:26:43 up 0 min,  0 user,  load average: 0.65, 0.17, 0.06

----------------------------------------

## ğŸ“Š DevOps Daily System Report â€” 2025-12-28 03:23:09

### ğŸ–¥ Disk Usage
Filesystem      Size  Used Avail Use% Mounted on
/dev/root        72G   55G   18G  76% /
tmpfs           7.9G   84K  7.9G   1% /dev/shm
tmpfs           3.2G  1.2M  3.2G   1% /run
tmpfs           5.0M     0  5.0M   0% /run/lock
/dev/sda16      881M   62M  758M   8% /boot
/dev/sda15      105M  6.2M   99M   6% /boot/efi
/dev/sdb1        74G  4.1G   66G   6% /mnt
tmpfs           1.6G   12K  1.6G   1% /run/user/1001

### ğŸ§  Memory Usage
               total        used        free      shared  buff/cache   available
Mem:            15Gi       847Mi       8.7Gi        39Mi       6.5Gi        14Gi
Swap:          4.0Gi          0B       4.0Gi

### âš™ï¸ CPU Info
 03:23:09 up 4 min,  0 user,  load average: 0.02, 0.08, 0.03

----------------------------------------

